// Jest Snapshot v1, https://goo.gl/fbAQLP

exports[`main .binWrapper should respect the SAUCECONNECT_INSTALL_BINARY wrapper 1`] = `
Array [
  Object {
    "arch": "",
    "os": "",
    "url": "http://some-fake-url",
  },
]
`;
